// Jest Snapshot v1, https://goo.gl/fbAQLP

exports[`<AuthRow/> Editable 1`] = `
<div>
  <div
    className="auth-row domain-field-row domain-row-border-default"
  >
    <div
      className="domain-row-container"
    >
      <div
        className="domain-row-handle"
      >
        <div
          className="drag-drop-handle"
        >
          <span
            className="fa fa-ellipsis-v"
          />
          <span
            className="fa fa-ellipsis-v"
          />
        </div>
      </div>
      <div
        className="domain-row-main"
      >
        <div
          className="domain-row-base-fields col-xs-9"
        >
          <div
            className="description auth-row__field col-xs-4"
          >
            CAS Configuration1
          </div>
          <div
            className="details auth-row__field col-xs-4"
          >
            https://www.labkey.org/cas
          </div>
          <div
            className="provider auth-row__field col-xs-3"
          >
            CAS
          </div>
        </div>
        <div
          className="col-xs-1"
        />
        <div
          className="domain-row-base-fields col-xs-2"
        >
          <div
            className="enabled auth-row__field col-xs-7"
          >
            <span
              className="fa fa-circle"
              style={
                {
                  "color": "#75B666",
                }
              }
            />
               Enabled
          </div>
          <div
            className="delete auth-row__field col-xs-1"
          >
            <div
              className="clickable deleteIcon"
              onClick={[Function]}
            >
              <span
                className="fa fa-times-circle"
              />
            </div>
          </div>
          <div
            className="editOrView auth-row__field col-xs-3"
          >
            <div
              className="clickable editOrViewIcon"
              onClick={[Function]}
            >
              <span
                className="fa fa-pencil"
              />
            </div>
          </div>
        </div>
      </div>
    </div>
  </div>
</div>
`;

exports[`<AuthRow/> Non-draggable 1`] = `
<div>
  <div
    className="auth-row domain-field-row domain-row-border-default"
  >
    <div
      className="domain-row-container"
    >
      <div
        className="domain-row-handle"
      >
        <div
          className="drag-drop-handle"
        >
          <span
            className="fa fa-ellipsis-v"
          />
          <span
            className="fa fa-ellipsis-v"
          />
        </div>
      </div>
      <div
        className="domain-row-main"
      >
        <div
          className="domain-row-base-fields col-xs-9"
        >
          <div
            className="description auth-row__field col-xs-4"
          >
            CAS Configuration1
          </div>
          <div
            className="details auth-row__field col-xs-4"
          >
            https://www.labkey.org/cas
          </div>
          <div
            className="provider auth-row__field col-xs-3"
          >
            CAS
          </div>
        </div>
        <div
          className="col-xs-1"
        />
        <div
          className="domain-row-base-fields col-xs-2"
        >
          <div
            className="enabled auth-row__field col-xs-7"
          >
            <span
              className="fa fa-circle"
              style={
                {
                  "color": "#75B666",
                }
              }
            />
               Enabled
          </div>
          <div
            className="delete auth-row__field col-xs-1"
          >
            <div
              className="clickable deleteIcon"
              onClick={[Function]}
            >
              <span
                className="fa fa-times-circle"
              />
            </div>
          </div>
          <div
            className="editOrView auth-row__field col-xs-3"
          >
            <div
              className="clickable editOrViewIcon"
              onClick={[Function]}
            >
              <span
                className="fa fa-pencil"
              />
            </div>
          </div>
        </div>
      </div>
    </div>
  </div>
</div>
`;

exports[`<AuthRow/> View-only 1`] = `
<div>
  <div
    className="auth-row domain-field-row domain-row-border-default"
  >
    <div
      className="domain-row-container"
    >
      <div
        className="domain-row-handle"
      >
        <div
          className="drag-drop-handle"
        >
          <span
            className="fa fa-ellipsis-v"
          />
          <span
            className="fa fa-ellipsis-v"
          />
        </div>
      </div>
      <div
        className="domain-row-main"
      >
        <div
          className="domain-row-base-fields col-xs-9"
        >
          <div
            className="description auth-row__field col-xs-4"
          >
            CAS Configuration1
          </div>
          <div
            className="details auth-row__field col-xs-4"
          >
            https://www.labkey.org/cas
          </div>
          <div
            className="provider auth-row__field col-xs-3"
          >
            CAS
          </div>
        </div>
        <div
          className="col-xs-1"
        />
        <div
          className="domain-row-base-fields col-xs-2"
        >
          <div
            className="enabled auth-row__field col-xs-7"
          >
            <span
              className="fa fa-circle"
              style={
                {
                  "color": "#75B666",
                }
              }
            />
               Enabled
          </div>
          <div
            className="delete auth-row__field col-xs-1"
          >
            <div
              className="clickable deleteIcon"
              onClick={[Function]}
            >
              <span
                className="fa fa-times-circle"
              />
            </div>
          </div>
          <div
            className="editOrView auth-row__field col-xs-3"
          >
            <div
              className="clickable editOrViewIcon"
              onClick={[Function]}
            >
              <span
                className="fa fa-pencil"
              />
            </div>
          </div>
        </div>
      </div>
    </div>
  </div>
</div>
`;
