// Jest Snapshot v1, https://goo.gl/fbAQLP

exports[`<AuthConfigMasterPanel/> Editable mode 1`] = `
<ForwardRef>
  <PanelHeading
    bsClass="panel"
    componentClass="div"
  >
    <span
      className="bold-text"
    >
       Configurations 
    </span>
  </PanelHeading>
  <PanelBody
    bsClass="panel"
    collapsible={false}
  >
    <a
      className="configurations__help-link"
      href="https://www.labkey.org/Documentation/19.3/wiki-page.view?name=authenticationModule"
    >
      Get help with authentication
    </a>
    <ForwardRef
      defaultActiveKey={1}
      id="tab-panel"
    >
      <Tab
        eventKey={1}
        title="Primary"
      >
        <PrimaryTab
          addNewPrimaryDropdown={
            [
              <MenuItem
                bsClass="dropdown"
                disabled={false}
                divider={false}
                header={false}
                onClick={[Function]}
              >
                0
                 : 
                Central Authentication Service (CAS)
              </MenuItem>,
              <MenuItem
                bsClass="dropdown"
                disabled={false}
                divider={false}
                header={false}
                onClick={[Function]}
              >
                1
                 : 
                Uses the LDAP protocol to authenticate against an institution's directory server
              </MenuItem>,
              <MenuItem
                bsClass="dropdown"
                disabled={false}
                divider={false}
                header={false}
                onClick={[Function]}
              >
                2
                 : 
                Acts as a service provider (SP) to authenticate against a SAML 2.0 Identity Provider (IdP)
              </MenuItem>,
              <MenuItem
                bsClass="dropdown"
                disabled={false}
                divider={false}
                header={false}
                onClick={[Function]}
              >
                3
                 : 
                A trivial, insecure SSO authentication provider (for test purposes only)
              </MenuItem>,
            ]
          }
          canEdit={true}
          primaryTabLoginForm={
            <div>
              <DragAndDropPane
                actions={
                  {
                    "onDelete": [Function],
                    "onDragEnd": [Function],
                    "toggleModalOpen": [Function],
                    "updateAuthRowsAfterSave": [Function],
                  }
                }
                authConfigs={
                  [
                    {
                      "configuration": 107,
                      "description": "LDAP Configurations",
                      "details": "ldap://ldap.forumsys.com",
                      "domain": "labkey.com",
                      "enabled": true,
                      "principalTemplate": "\${email}",
                      "provider": "LDAP",
                      "sasl": false,
                      "search": false,
                      "servers": "ldap://ldap.forumsys.com",
                    },
                  ]
                }
                canEdit={true}
                configType="formConfigurations"
                isDragDisabled={false}
                providers={
                  [
                    {
                      "description": "Central Authentication Service (CAS)",
                      "helpLink": "https://www.labkey.org/Documentation/19.3/wiki-page.view?name=configureCas",
                      "saveLink": "/labkey/casclient-casSaveConfiguration.view?",
                      "settingsFields": [
                        {
                          "caption": "CAS Server URL",
                          "defaultValue": "",
                          "description": "Enter a valid HTTPS URL to your CAS server. The URL should start with https:// and end with /cas, for example: https://test.org/cas.",
                          "name": "serverUrl",
                          "required": true,
                          "type": "input",
                        },
                        {
                          "caption": "Default to CAS Login",
                          "defaultValue": false,
                          "description": "Redirects the login page directly to the CAS login instead of requiring the user click the CAS option.",
                          "name": "autoRedirect",
                          "required": false,
                          "type": "checkbox",
                        },
                      ],
                      "sso": true,
                    },
                    {
                      "description": "Uses the LDAP protocol to authenticate against an institution's directory server",
                      "helpLink": "https://www.labkey.org/Documentation/19.3/wiki-page.view?name=configLdap",
                      "saveLink": "/labkey/ldap-ldapSaveConfiguration.view?",
                      "settingsFields": [
                        {
                          "caption": "LDAP server URLs",
                          "defaultValue": "",
                          "description": "The address(es) of your organization's LDAP server or servers. You can provide a list of multiple servers separated by semicolons. The general form for an LDAP server address is ldap://servername.domain.org",
                          "name": "servers",
                          "required": true,
                          "type": "input",
                        },
                        {
                          "caption": "LDAP domain",
                          "defaultValue": "labkey.com",
                          "description": "Email domain that determines which users will authenticate using this LDAP configuration. For example, if set to 'labkey.org', all users who enter xxxxxx@labkey.org will attempt authentication using this configuration. Specify '*' to attempt LDAP authentication on all email addresses entered, regardless of domain.",
                          "name": "domain",
                          "required": true,
                          "type": "input",
                        },
                        {
                          "caption": "LDAP principal template",
                          "defaultValue": "\${email}",
                          "description": "LDAP principal template that matches the DN requirements of the configured LDAP server(s). The template supports substitution syntax; include \${email} to substitute the user's full email address and \${uid} to substitute the left part of the user's email address.",
                          "name": "principalTemplate",
                          "required": true,
                          "type": "input",
                        },
                        {
                          "caption": "Use SASL authentication",
                          "defaultValue": false,
                          "name": "SASL",
                          "required": false,
                          "type": "checkbox",
                        },
                        {
                          "caption": "Use LDAP Search",
                          "defaultValue": false,
                          "description": "The LDAP Search option is rarely needed. It is useful when the LDAP server is configured to authenticate with a user name that is unrelated to the user's email address.",
                          "dictateFieldVisibility": true,
                          "name": "search",
                          "required": false,
                          "type": "checkbox",
                        },
                        {
                          "caption": "Search DN",
                          "defaultValue": "",
                          "description": "Distinguished name of the LDAP user that will be used to search the LDAP directory.",
                          "name": "username",
                          "required": false,
                          "type": "input",
                        },
                        {
                          "caption": "Password",
                          "defaultValue": "",
                          "description": "Password for the LDAP user specified above.",
                          "name": "password",
                          "required": false,
                          "type": "password",
                        },
                        {
                          "caption": "Search base",
                          "defaultValue": "",
                          "description": "Search base to use. This could be the root of your directory or the base that contains all of your user accounts.",
                          "name": "searchBase",
                          "required": false,
                          "type": "input",
                        },
                        {
                          "caption": "Lookup field",
                          "defaultValue": "sAMAccountName",
                          "description": "User record field name to use for authenticating via LDAP. The value of this field will be substituted into the principal template to generate a DN for authenticating.",
                          "name": "lookupField",
                          "required": false,
                          "type": "input",
                        },
                        {
                          "caption": "Search template",
                          "defaultValue": "(&(objectClass=user)(mail=\${email}))",
                          "description": "Filter to apply during the LDAP search. Valid substitution patterns are \${email} and \${uid}.",
                          "name": "searchTemplate",
                          "required": false,
                          "type": "input",
                        },
                      ],
                      "sso": false,
                      "testLink": "/labkey/ldap-testLdap.view?",
                    },
                    {
                      "description": "Acts as a service provider (SP) to authenticate against a SAML 2.0 Identity Provider (IdP)",
                      "helpLink": "https://www.labkey.org/Documentation/19.3/wiki-page.view?name=saml",
                      "saveLink": "/labkey/saml-samlSaveConfiguration.view?",
                      "settingsFields": [
                        {
                          "caption": "IdP Signing Certificate",
                          "defaultValue": "",
                          "name": "IdPSigningCertificate",
                          "required": true,
                          "type": "pem",
                        },
                        {
                          "caption": "Encryption Certificate",
                          "defaultValue": "",
                          "description": "Encryption Certificate for Encrypted Assertion",
                          "name": "SpEncryptCert",
                          "required": false,
                          "type": "pem",
                        },
                        {
                          "caption": "SP Private Key",
                          "defaultValue": "",
                          "description": "Private Key for the Encryption Certificate. Required if encryption cert is used.",
                          "name": "SpPrivateKey",
                          "required": false,
                          "type": "pem",
                        },
                        {
                          "caption": "IdP SSO URL",
                          "defaultValue": "",
                          "description": "Target IdP URL for SSO login",
                          "name": "IdPSsoUrl",
                          "required": true,
                          "type": "input",
                        },
                        {
                          "caption": "Issuer URL",
                          "defaultValue": "",
                          "description": "Issuer of SP SAML metadata",
                          "name": "IssuerUrl",
                          "required": false,
                          "type": "input",
                        },
                        {
                          "caption": "NameID Format",
                          "defaultValue": "emailAddress",
                          "description": "If IdP does not support 'Email Address' then select 'Transient'",
                          "name": "NameIdFormat",
                          "options": {
                            "emailAddress": "Email Address",
                            "transient": "Transient",
                            "unspecified": "Unspecified",
                          },
                          "required": false,
                          "type": "options",
                        },
                        {
                          "caption": "Force Authorization",
                          "defaultValue": false,
                          "description": "Require user to login to IdP even if they already have an active SSO session.",
                          "name": "ForceAuth",
                          "required": false,
                          "type": "checkbox",
                        },
                        {
                          "caption": "EntityId",
                          "html": "The entityId for this server is the base server URL: http://localhost:8080<br>You can configure the base server URL on the <a href="/labkey/admin-customizeSite.view?" target="_customize">Customize Site page</a>.",
                          "type": "fixedHtml",
                        },
                        {
                          "caption": "Assertion Consumer Service (ACS) URL",
                          "html": "This is relative to the base server URL. The ACS URL for this server is: http://localhost:8080/labkey/saml-validate.view",
                          "type": "fixedHtml",
                        },
                      ],
                      "sso": true,
                    },
                    {
                      "description": "A trivial, insecure SSO authentication provider (for test purposes only)",
                      "helpLink": "https://www.labkey.org/Documentation/19.3/wiki-page.view?name=authenticationModule",
                      "saveLink": "/labkey/testsso-testSsoSaveConfiguration.view?",
                      "settingsFields": [],
                      "sso": true,
                    },
                  ]
                }
              />
              <AuthRow
                authConfig={
                  {
                    "configuration": 0,
                    "description": "Standard database authentication",
                    "details": null,
                    "enabled": true,
                    "provider": "Database",
                  }
                }
                canEdit={true}
                draggable={false}
                toggleModalOpen={[Function]}
              />
            </div>
          }
          primaryTabSSO={
            <DragAndDropPane
              actions={
                {
                  "onDelete": [Function],
                  "onDragEnd": [Function],
                  "toggleModalOpen": [Function],
                  "updateAuthRowsAfterSave": [Function],
                }
              }
              authConfigs={
                [
                  {
                    "ForceAuth": true,
                    "IdPSigningCertificate": "certificateText",
                    "IdPSsoUrl": "IdP SSO URL",
                    "IssuerUrl": "",
                    "NameIdFormat": "transient",
                    "SpEncryptCert": "",
                    "configuration": 95,
                    "description": "SAML Configuration",
                    "details": "IdP SSO URL",
                    "enabled": true,
                    "headerLogoUrl": null,
                    "loginLogoUrl": null,
                    "provider": "SAML",
                  },
                  {
                    "autoRedirect": false,
                    "configuration": 106,
                    "description": "CAS Configurations",
                    "details": "https://www.labkey.org/cas",
                    "enabled": true,
                    "headerLogoUrl": "/labkey/auth_header_logo.image?configuration=106&revision=69",
                    "loginLogoUrl": "/labkey/auth_login_page_logo.image?configuration=106&revision=69",
                    "provider": "CAS",
                    "serverUrl": "https://www.labkey.org/cas",
                  },
                  {
                    "autoRedirect": false,
                    "configuration": 108,
                    "description": "CAS Configuration 2",
                    "details": "https://www.labkey.org/cas",
                    "enabled": true,
                    "headerLogoUrl": null,
                    "loginLogoUrl": null,
                    "provider": "CAS",
                    "serverUrl": "https://www.labkey.org/cas",
                  },
                ]
              }
              canEdit={true}
              configType="ssoConfigurations"
              isDragDisabled={false}
              providers={
                [
                  {
                    "description": "Central Authentication Service (CAS)",
                    "helpLink": "https://www.labkey.org/Documentation/19.3/wiki-page.view?name=configureCas",
                    "saveLink": "/labkey/casclient-casSaveConfiguration.view?",
                    "settingsFields": [
                      {
                        "caption": "CAS Server URL",
                        "defaultValue": "",
                        "description": "Enter a valid HTTPS URL to your CAS server. The URL should start with https:// and end with /cas, for example: https://test.org/cas.",
                        "name": "serverUrl",
                        "required": true,
                        "type": "input",
                      },
                      {
                        "caption": "Default to CAS Login",
                        "defaultValue": false,
                        "description": "Redirects the login page directly to the CAS login instead of requiring the user click the CAS option.",
                        "name": "autoRedirect",
                        "required": false,
                        "type": "checkbox",
                      },
                    ],
                    "sso": true,
                  },
                  {
                    "description": "Uses the LDAP protocol to authenticate against an institution's directory server",
                    "helpLink": "https://www.labkey.org/Documentation/19.3/wiki-page.view?name=configLdap",
                    "saveLink": "/labkey/ldap-ldapSaveConfiguration.view?",
                    "settingsFields": [
                      {
                        "caption": "LDAP server URLs",
                        "defaultValue": "",
                        "description": "The address(es) of your organization's LDAP server or servers. You can provide a list of multiple servers separated by semicolons. The general form for an LDAP server address is ldap://servername.domain.org",
                        "name": "servers",
                        "required": true,
                        "type": "input",
                      },
                      {
                        "caption": "LDAP domain",
                        "defaultValue": "labkey.com",
                        "description": "Email domain that determines which users will authenticate using this LDAP configuration. For example, if set to 'labkey.org', all users who enter xxxxxx@labkey.org will attempt authentication using this configuration. Specify '*' to attempt LDAP authentication on all email addresses entered, regardless of domain.",
                        "name": "domain",
                        "required": true,
                        "type": "input",
                      },
                      {
                        "caption": "LDAP principal template",
                        "defaultValue": "\${email}",
                        "description": "LDAP principal template that matches the DN requirements of the configured LDAP server(s). The template supports substitution syntax; include \${email} to substitute the user's full email address and \${uid} to substitute the left part of the user's email address.",
                        "name": "principalTemplate",
                        "required": true,
                        "type": "input",
                      },
                      {
                        "caption": "Use SASL authentication",
                        "defaultValue": false,
                        "name": "SASL",
                        "required": false,
                        "type": "checkbox",
                      },
                      {
                        "caption": "Use LDAP Search",
                        "defaultValue": false,
                        "description": "The LDAP Search option is rarely needed. It is useful when the LDAP server is configured to authenticate with a user name that is unrelated to the user's email address.",
                        "dictateFieldVisibility": true,
                        "name": "search",
                        "required": false,
                        "type": "checkbox",
                      },
                      {
                        "caption": "Search DN",
                        "defaultValue": "",
                        "description": "Distinguished name of the LDAP user that will be used to search the LDAP directory.",
                        "name": "username",
                        "required": false,
                        "type": "input",
                      },
                      {
                        "caption": "Password",
                        "defaultValue": "",
                        "description": "Password for the LDAP user specified above.",
                        "name": "password",
                        "required": false,
                        "type": "password",
                      },
                      {
                        "caption": "Search base",
                        "defaultValue": "",
                        "description": "Search base to use. This could be the root of your directory or the base that contains all of your user accounts.",
                        "name": "searchBase",
                        "required": false,
                        "type": "input",
                      },
                      {
                        "caption": "Lookup field",
                        "defaultValue": "sAMAccountName",
                        "description": "User record field name to use for authenticating via LDAP. The value of this field will be substituted into the principal template to generate a DN for authenticating.",
                        "name": "lookupField",
                        "required": false,
                        "type": "input",
                      },
                      {
                        "caption": "Search template",
                        "defaultValue": "(&(objectClass=user)(mail=\${email}))",
                        "description": "Filter to apply during the LDAP search. Valid substitution patterns are \${email} and \${uid}.",
                        "name": "searchTemplate",
                        "required": false,
                        "type": "input",
                      },
                    ],
                    "sso": false,
                    "testLink": "/labkey/ldap-testLdap.view?",
                  },
                  {
                    "description": "Acts as a service provider (SP) to authenticate against a SAML 2.0 Identity Provider (IdP)",
                    "helpLink": "https://www.labkey.org/Documentation/19.3/wiki-page.view?name=saml",
                    "saveLink": "/labkey/saml-samlSaveConfiguration.view?",
                    "settingsFields": [
                      {
                        "caption": "IdP Signing Certificate",
                        "defaultValue": "",
                        "name": "IdPSigningCertificate",
                        "required": true,
                        "type": "pem",
                      },
                      {
                        "caption": "Encryption Certificate",
                        "defaultValue": "",
                        "description": "Encryption Certificate for Encrypted Assertion",
                        "name": "SpEncryptCert",
                        "required": false,
                        "type": "pem",
                      },
                      {
                        "caption": "SP Private Key",
                        "defaultValue": "",
                        "description": "Private Key for the Encryption Certificate. Required if encryption cert is used.",
                        "name": "SpPrivateKey",
                        "required": false,
                        "type": "pem",
                      },
                      {
                        "caption": "IdP SSO URL",
                        "defaultValue": "",
                        "description": "Target IdP URL for SSO login",
                        "name": "IdPSsoUrl",
                        "required": true,
                        "type": "input",
                      },
                      {
                        "caption": "Issuer URL",
                        "defaultValue": "",
                        "description": "Issuer of SP SAML metadata",
                        "name": "IssuerUrl",
                        "required": false,
                        "type": "input",
                      },
                      {
                        "caption": "NameID Format",
                        "defaultValue": "emailAddress",
                        "description": "If IdP does not support 'Email Address' then select 'Transient'",
                        "name": "NameIdFormat",
                        "options": {
                          "emailAddress": "Email Address",
                          "transient": "Transient",
                          "unspecified": "Unspecified",
                        },
                        "required": false,
                        "type": "options",
                      },
                      {
                        "caption": "Force Authorization",
                        "defaultValue": false,
                        "description": "Require user to login to IdP even if they already have an active SSO session.",
                        "name": "ForceAuth",
                        "required": false,
                        "type": "checkbox",
                      },
                      {
                        "caption": "EntityId",
                        "html": "The entityId for this server is the base server URL: http://localhost:8080<br>You can configure the base server URL on the <a href="/labkey/admin-customizeSite.view?" target="_customize">Customize Site page</a>.",
                        "type": "fixedHtml",
                      },
                      {
                        "caption": "Assertion Consumer Service (ACS) URL",
                        "html": "This is relative to the base server URL. The ACS URL for this server is: http://localhost:8080/labkey/saml-validate.view",
                        "type": "fixedHtml",
                      },
                    ],
                    "sso": true,
                  },
                  {
                    "description": "A trivial, insecure SSO authentication provider (for test purposes only)",
                    "helpLink": "https://www.labkey.org/Documentation/19.3/wiki-page.view?name=authenticationModule",
                    "saveLink": "/labkey/testsso-testSsoSaveConfiguration.view?",
                    "settingsFields": [],
                    "sso": true,
                  },
                ]
              }
            />
          }
        />
      </Tab>
      <Tab
        eventKey={2}
        title="Secondary"
      >
        <SecondaryTab
          addNewSecondaryDropdown={
            [
              <MenuItem
                bsClass="dropdown"
                disabled={false}
                divider={false}
                header={false}
                onClick={[Function]}
              >
                0
                 : 
                Require two-factor authentication via Duo
              </MenuItem>,
              <MenuItem
                bsClass="dropdown"
                disabled={false}
                divider={false}
                header={false}
                onClick={[Function]}
              >
                1
                 : 
                Adds a trivial, insecure secondary authentication requirement (for test purposes only)
              </MenuItem>,
            ]
          }
          canEdit={true}
          secondaryTabDuo={
            <DragAndDropPane
              actions={
                {
                  "onDelete": [Function],
                  "onDragEnd": [Function],
                  "toggleModalOpen": [Function],
                  "updateAuthRowsAfterSave": [Function],
                }
              }
              authConfigs={
                [
                  {
                    "apiHostname": "Key1",
                    "configuration": 87,
                    "description": "Duo 2 Factor Configuration",
                    "details": "Key1",
                    "enabled": false,
                    "integrationKey": "Key1",
                    "provider": "Duo 2 Factor",
                    "userIdentifier": "UserID",
                  },
                  {
                    "apiHostname": "Key2",
                    "configuration": 88,
                    "description": "Duo 2 Factor Configuration 2",
                    "details": "Key2",
                    "enabled": false,
                    "integrationKey": "fdas",
                    "provider": "Duo 2 Factor",
                    "userIdentifier": "UserID",
                  },
                ]
              }
              canEdit={true}
              configType="secondaryConfigurations"
              isDragDisabled={false}
              providers={
                [
                  {
                    "description": "Require two-factor authentication via Duo",
                    "helpLink": "https://www.labkey.org/Documentation/19.3/wiki-page.view?name=configureDuoTwoFactor",
                    "saveLink": "/labkey/duo-duoSaveConfiguration.view?",
                    "settingsFields": [
                      {
                        "caption": "Integration Key",
                        "defaultValue": "",
                        "description": "Your Labkey Admin with a Duo administrative account should have generated this key.",
                        "name": "integrationKey",
                        "required": true,
                        "type": "input",
                      },
                      {
                        "caption": "Secret Key",
                        "defaultValue": "",
                        "description": "Your Labkey Admin with a Duo administrative account should have generated this key.",
                        "name": "secretKey",
                        "required": true,
                        "type": "input",
                      },
                      {
                        "caption": "API Hostname",
                        "defaultValue": "",
                        "description": "Your Labkey Admin with a Duo administrative account should have the hostname along with Integration and Secret Key.",
                        "name": "apiHostname",
                        "required": true,
                        "type": "input",
                      },
                      {
                        "caption": "User Identifier",
                        "defaultValue": "UserID",
                        "description": "Choose the way LabKey will match with Duo accounts.",
                        "name": "userIdentifier",
                        "options": {
                          "FullEmailAddress": "Full Email Address",
                          "UserID": "User ID",
                          "UserName": "User Name",
                        },
                        "required": true,
                        "type": "options",
                      },
                    ],
                  },
                  {
                    "description": "Adds a trivial, insecure secondary authentication requirement (for test purposes only)",
                    "helpLink": "https://www.labkey.org/Documentation/19.3/wiki-page.view?name=authenticationModule",
                    "saveLink": "/labkey/testsecondary-testSecondarySaveConfiguration.view?",
                    "settingsFields": [],
                  },
                ]
              }
            />
          }
        />
      </Tab>
    </ForwardRef>
  </PanelBody>
</ForwardRef>
`;

exports[`<AuthConfigMasterPanel/> View-only mode 1`] = `
<div
  className="panel panel-default"
>
  <div
    className="panel-heading"
  >
    <span
      className="bold-text"
    >
       Configurations 
    </span>
  </div>
  <div
    className="panel-body"
  >
    <a
      className="configurations__help-link"
      href="https://www.labkey.org/Documentation/19.3/wiki-page.view?name=authenticationModule"
    >
      Get help with authentication
    </a>
    <div
      id="tab-panel"
    >
      <ul
        className="nav nav-tabs"
        role="tablist"
      >
        <li
          className="active"
          role="presentation"
        >
          <a
            aria-controls="tab-panel-pane-1"
            aria-selected={true}
            href="#"
            id="tab-panel-tab-1"
            onClick={[Function]}
            onKeyDown={[Function]}
            role="tab"
          >
            Primary
          </a>
        </li>
        <li
          className=""
          role="presentation"
        >
          <a
            aria-controls="tab-panel-pane-2"
            aria-selected={false}
            href="#"
            id="tab-panel-tab-2"
            onClick={[Function]}
            onKeyDown={[Function]}
            role="tab"
            tabIndex={-1}
          >
            Secondary
          </a>
        </li>
      </ul>
      <div
        className="tab-content"
      >
        <div
          aria-hidden={false}
          aria-labelledby="tab-panel-tab-1"
          className="fade tab-pane active in"
          id="tab-panel-pane-1"
          role="tabpanel"
        >
          <div
            className="configurations__auth-tab"
          >
            <div
              className="configurations__config-section-title"
            >
              <span
                className="bold-text"
              >
                 Login Form Configurations 
              </span>
              <span
                className="label-help-target"
                onMouseOut={[Function]}
                onMouseOver={[Function]}
              >
                <svg
                  aria-hidden="true"
                  className="svg-inline--fa fa-question-circle fa-w-16 fa-1x label-help-icon"
                  data-icon="question-circle"
                  data-prefix="fas"
                  focusable="false"
                  role="img"
                  style={{}}
                  viewBox="0 0 512 512"
                  xmlns="http://www.w3.org/2000/svg"
                >
                  <path
                    d="M504 256c0 136.997-111.043 248-248 248S8 392.997 8 256C8 119.083 119.043 8 256 8s248 111.083 248 248zM262.655 90c-54.497 0-89.255 22.957-116.549 63.758-3.536 5.286-2.353 12.415 2.715 16.258l34.699 26.31c5.205 3.947 12.621 3.008 16.665-2.122 17.864-22.658 30.113-35.797 57.303-35.797 20.429 0 45.698 13.148 45.698 32.958 0 14.976-12.363 22.667-32.534 33.976C247.128 238.528 216 254.941 216 296v4c0 6.627 5.373 12 12 12h56c6.627 0 12-5.373 12-12v-1.333c0-28.462 83.186-29.647 83.186-106.667 0-58.002-60.165-102-116.531-102zM256 338c-25.365 0-46 20.635-46 46 0 25.364 20.635 46 46 46s46-20.636 46-46c0-25.365-20.635-46-46-46z"
                    fill="currentColor"
                    style={{}}
                  />
                </svg>
              </span>
            </div>
            <div>
              <div>
                <div
                  className="auth-row domain-field-row domain-row-border-default"
                >
                  <div
                    className="domain-row-container"
                  >
                    <div
                      className="domain-row-handle"
                    />
                    <div
                      className="domain-row-main"
                    >
                      <div
                        className="domain-row-base-fields col-xs-9"
                      >
                        <div
                          className="description auth-row__field col-xs-4"
                        >
                          LDAP Configurations
                        </div>
                        <div
                          className="details auth-row__field col-xs-4"
                        >
                          ldap://ldap.forumsys.com
                        </div>
                        <div
                          className="provider auth-row__field col-xs-3"
                        >
                          LDAP
                        </div>
                      </div>
                      <div
                        className="col-xs-1"
                      />
                      <div
                        className="domain-row-base-fields col-xs-2"
                      >
                        <div
                          className="enabled auth-row__field col-xs-7"
                        >
                          <svg
                            aria-hidden="true"
                            className="svg-inline--fa fa-circle fa-w-16 "
                            color="#75B666"
                            data-icon="circle"
                            data-prefix="fas"
                            focusable="false"
                            role="img"
                            style={{}}
                            viewBox="0 0 512 512"
                            xmlns="http://www.w3.org/2000/svg"
                          >
                            <path
                              d="M256 8C119 8 8 119 8 256s111 248 248 248 248-111 248-248S393 8 256 8z"
                              fill="currentColor"
                              style={{}}
                            />
                          </svg>
                             Enabled
                        </div>
                        <div
                          className="delete auth-row__field col-xs-1"
                        />
                        <div
                          className="editOrView auth-row__field col-xs-3"
                        >
                          <div
                            className="clickable"
                            onClick={[Function]}
                          >
                            <svg
                              aria-hidden="true"
                              className="svg-inline--fa fa-info-circle fa-w-16 fa-1x "
                              data-icon="info-circle"
                              data-prefix="fas"
                              focusable="false"
                              role="img"
                              style={{}}
                              viewBox="0 0 512 512"
                              xmlns="http://www.w3.org/2000/svg"
                            >
                              <path
                                d="M256 8C119.043 8 8 119.083 8 256c0 136.997 111.043 248 248 248s248-111.003 248-248C504 119.083 392.957 8 256 8zm0 110c23.196 0 42 18.804 42 42s-18.804 42-42 42-42-18.804-42-42 18.804-42 42-42zm56 254c0 6.627-5.373 12-12 12h-88c-6.627 0-12-5.373-12-12v-24c0-6.627 5.373-12 12-12h12v-64h-12c-6.627 0-12-5.373-12-12v-24c0-6.627 5.373-12 12-12h64c6.627 0 12 5.373 12 12v100h12c6.627 0 12 5.373 12 12v24z"
                                fill="currentColor"
                                style={{}}
                              />
                            </svg>
                          </div>
                        </div>
                      </div>
                    </div>
                  </div>
                </div>
              </div>
              <div>
                <div
                  className="auth-row domain-field-row domain-row-border-default"
                >
                  <div
                    className="domain-row-container"
                  >
                    <div
                      className="domain-row-handle"
                    />
                    <div
                      className="domain-row-main"
                    >
                      <div
                        className="domain-row-base-fields col-xs-9"
                      >
                        <div
                          className="description auth-row__field col-xs-4"
                        >
                          Standard database authentication
                        </div>
                        <div
                          className="details auth-row__field col-xs-4"
                        />
                        <div
                          className="provider auth-row__field col-xs-3"
                        >
                          Database
                        </div>
                      </div>
                      <div
                        className="col-xs-1"
                      />
                      <div
                        className="domain-row-base-fields col-xs-2"
                      >
                        <div
                          className="enabled auth-row__field col-xs-7"
                        >
                          <svg
                            aria-hidden="true"
                            className="svg-inline--fa fa-circle fa-w-16 "
                            color="#75B666"
                            data-icon="circle"
                            data-prefix="fas"
                            focusable="false"
                            role="img"
                            style={{}}
                            viewBox="0 0 512 512"
                            xmlns="http://www.w3.org/2000/svg"
                          >
                            <path
                              d="M256 8C119 8 8 119 8 256s111 248 248 248 248-111 248-248S393 8 256 8z"
                              fill="currentColor"
                              style={{}}
                            />
                          </svg>
                             Enabled
                        </div>
                        <div
                          className="delete auth-row__field col-xs-1"
                        />
                        <div
                          className="editOrView auth-row__field col-xs-3"
                        >
                          <div
                            className="clickable"
                            onClick={[Function]}
                          >
                            <svg
                              aria-hidden="true"
                              className="svg-inline--fa fa-info-circle fa-w-16 fa-1x "
                              data-icon="info-circle"
                              data-prefix="fas"
                              focusable="false"
                              role="img"
                              style={{}}
                              viewBox="0 0 512 512"
                              xmlns="http://www.w3.org/2000/svg"
                            >
                              <path
                                d="M256 8C119.043 8 8 119.083 8 256c0 136.997 111.043 248 248 248s248-111.003 248-248C504 119.083 392.957 8 256 8zm0 110c23.196 0 42 18.804 42 42s-18.804 42-42 42-42-18.804-42-42 18.804-42 42-42zm56 254c0 6.627-5.373 12-12 12h-88c-6.627 0-12-5.373-12-12v-24c0-6.627 5.373-12 12-12h12v-64h-12c-6.627 0-12-5.373-12-12v-24c0-6.627 5.373-12 12-12h64c6.627 0 12 5.373 12 12v100h12c6.627 0 12 5.373 12 12v24z"
                                fill="currentColor"
                                style={{}}
                              />
                            </svg>
                          </div>
                        </div>
                      </div>
                    </div>
                  </div>
                </div>
              </div>
            </div>
          </div>
          <div>
            <div
              className="configurations__config-section-title"
            >
              <span
                className="bold-text"
              >
                 Single Sign-On Configurations 
              </span>
              <span
                className="label-help-target"
                onMouseOut={[Function]}
                onMouseOver={[Function]}
              >
                <svg
                  aria-hidden="true"
                  className="svg-inline--fa fa-question-circle fa-w-16 fa-1x label-help-icon"
                  data-icon="question-circle"
                  data-prefix="fas"
                  focusable="false"
                  role="img"
                  style={{}}
                  viewBox="0 0 512 512"
                  xmlns="http://www.w3.org/2000/svg"
                >
                  <path
                    d="M504 256c0 136.997-111.043 248-248 248S8 392.997 8 256C8 119.083 119.043 8 256 8s248 111.083 248 248zM262.655 90c-54.497 0-89.255 22.957-116.549 63.758-3.536 5.286-2.353 12.415 2.715 16.258l34.699 26.31c5.205 3.947 12.621 3.008 16.665-2.122 17.864-22.658 30.113-35.797 57.303-35.797 20.429 0 45.698 13.148 45.698 32.958 0 14.976-12.363 22.667-32.534 33.976C247.128 238.528 216 254.941 216 296v4c0 6.627 5.373 12 12 12h56c6.627 0 12-5.373 12-12v-1.333c0-28.462 83.186-29.647 83.186-106.667 0-58.002-60.165-102-116.531-102zM256 338c-25.365 0-46 20.635-46 46 0 25.364 20.635 46 46 46s46-20.636 46-46c0-25.365-20.635-46-46-46z"
                    fill="currentColor"
                    style={{}}
                  />
                </svg>
              </span>
            </div>
            <div>
              <div>
                <div
                  className="auth-row domain-field-row domain-row-border-default"
                >
                  <div
                    className="domain-row-container"
                  >
                    <div
                      className="domain-row-handle"
                    />
                    <div
                      className="domain-row-main"
                    >
                      <div
                        className="domain-row-base-fields col-xs-9"
                      >
                        <div
                          className="description auth-row__field col-xs-4"
                        >
                          SAML Configuration
                        </div>
                        <div
                          className="details auth-row__field col-xs-4"
                        >
                          IdP SSO URL
                        </div>
                        <div
                          className="provider auth-row__field col-xs-3"
                        >
                          SAML
                        </div>
                      </div>
                      <div
                        className="col-xs-1"
                      />
                      <div
                        className="domain-row-base-fields col-xs-2"
                      >
                        <div
                          className="enabled auth-row__field col-xs-7"
                        >
                          <svg
                            aria-hidden="true"
                            className="svg-inline--fa fa-circle fa-w-16 "
                            color="#75B666"
                            data-icon="circle"
                            data-prefix="fas"
                            focusable="false"
                            role="img"
                            style={{}}
                            viewBox="0 0 512 512"
                            xmlns="http://www.w3.org/2000/svg"
                          >
                            <path
                              d="M256 8C119 8 8 119 8 256s111 248 248 248 248-111 248-248S393 8 256 8z"
                              fill="currentColor"
                              style={{}}
                            />
                          </svg>
                             Enabled
                        </div>
                        <div
                          className="delete auth-row__field col-xs-1"
                        />
                        <div
                          className="editOrView auth-row__field col-xs-3"
                        >
                          <div
                            className="clickable"
                            onClick={[Function]}
                          >
                            <svg
                              aria-hidden="true"
                              className="svg-inline--fa fa-info-circle fa-w-16 fa-1x "
                              data-icon="info-circle"
                              data-prefix="fas"
                              focusable="false"
                              role="img"
                              style={{}}
                              viewBox="0 0 512 512"
                              xmlns="http://www.w3.org/2000/svg"
                            >
                              <path
                                d="M256 8C119.043 8 8 119.083 8 256c0 136.997 111.043 248 248 248s248-111.003 248-248C504 119.083 392.957 8 256 8zm0 110c23.196 0 42 18.804 42 42s-18.804 42-42 42-42-18.804-42-42 18.804-42 42-42zm56 254c0 6.627-5.373 12-12 12h-88c-6.627 0-12-5.373-12-12v-24c0-6.627 5.373-12 12-12h12v-64h-12c-6.627 0-12-5.373-12-12v-24c0-6.627 5.373-12 12-12h64c6.627 0 12 5.373 12 12v100h12c6.627 0 12 5.373 12 12v24z"
                                fill="currentColor"
                                style={{}}
                              />
                            </svg>
                          </div>
                        </div>
                      </div>
                    </div>
                  </div>
                </div>
              </div>
              <div>
                <div
                  className="auth-row domain-field-row domain-row-border-default"
                >
                  <div
                    className="domain-row-container"
                  >
                    <div
                      className="domain-row-handle"
                    />
                    <div
                      className="domain-row-main"
                    >
                      <div
                        className="domain-row-base-fields col-xs-9"
                      >
                        <div
                          className="description auth-row__field col-xs-4"
                        >
                          CAS Configurations
                        </div>
                        <div
                          className="details auth-row__field col-xs-4"
                        >
                          https://www.labkey.org/cas
                        </div>
                        <div
                          className="provider auth-row__field col-xs-3"
                        >
                          CAS
                        </div>
                      </div>
                      <div
                        className="col-xs-1"
                      />
                      <div
                        className="domain-row-base-fields col-xs-2"
                      >
                        <div
                          className="enabled auth-row__field col-xs-7"
                        >
                          <svg
                            aria-hidden="true"
                            className="svg-inline--fa fa-circle fa-w-16 "
                            color="#75B666"
                            data-icon="circle"
                            data-prefix="fas"
                            focusable="false"
                            role="img"
                            style={{}}
                            viewBox="0 0 512 512"
                            xmlns="http://www.w3.org/2000/svg"
                          >
                            <path
                              d="M256 8C119 8 8 119 8 256s111 248 248 248 248-111 248-248S393 8 256 8z"
                              fill="currentColor"
                              style={{}}
                            />
                          </svg>
                             Enabled
                        </div>
                        <div
                          className="delete auth-row__field col-xs-1"
                        />
                        <div
                          className="editOrView auth-row__field col-xs-3"
                        >
                          <div
                            className="clickable"
                            onClick={[Function]}
                          >
                            <svg
                              aria-hidden="true"
                              className="svg-inline--fa fa-info-circle fa-w-16 fa-1x "
                              data-icon="info-circle"
                              data-prefix="fas"
                              focusable="false"
                              role="img"
                              style={{}}
                              viewBox="0 0 512 512"
                              xmlns="http://www.w3.org/2000/svg"
                            >
                              <path
                                d="M256 8C119.043 8 8 119.083 8 256c0 136.997 111.043 248 248 248s248-111.003 248-248C504 119.083 392.957 8 256 8zm0 110c23.196 0 42 18.804 42 42s-18.804 42-42 42-42-18.804-42-42 18.804-42 42-42zm56 254c0 6.627-5.373 12-12 12h-88c-6.627 0-12-5.373-12-12v-24c0-6.627 5.373-12 12-12h12v-64h-12c-6.627 0-12-5.373-12-12v-24c0-6.627 5.373-12 12-12h64c6.627 0 12 5.373 12 12v100h12c6.627 0 12 5.373 12 12v24z"
                                fill="currentColor"
                                style={{}}
                              />
                            </svg>
                          </div>
                        </div>
                      </div>
                    </div>
                  </div>
                </div>
              </div>
              <div>
                <div
                  className="auth-row domain-field-row domain-row-border-default"
                >
                  <div
                    className="domain-row-container"
                  >
                    <div
                      className="domain-row-handle"
                    />
                    <div
                      className="domain-row-main"
                    >
                      <div
                        className="domain-row-base-fields col-xs-9"
                      >
                        <div
                          className="description auth-row__field col-xs-4"
                        >
                          CAS Configuration 2
                        </div>
                        <div
                          className="details auth-row__field col-xs-4"
                        >
                          https://www.labkey.org/cas
                        </div>
                        <div
                          className="provider auth-row__field col-xs-3"
                        >
                          CAS
                        </div>
                      </div>
                      <div
                        className="col-xs-1"
                      />
                      <div
                        className="domain-row-base-fields col-xs-2"
                      >
                        <div
                          className="enabled auth-row__field col-xs-7"
                        >
                          <svg
                            aria-hidden="true"
                            className="svg-inline--fa fa-circle fa-w-16 "
                            color="#75B666"
                            data-icon="circle"
                            data-prefix="fas"
                            focusable="false"
                            role="img"
                            style={{}}
                            viewBox="0 0 512 512"
                            xmlns="http://www.w3.org/2000/svg"
                          >
                            <path
                              d="M256 8C119 8 8 119 8 256s111 248 248 248 248-111 248-248S393 8 256 8z"
                              fill="currentColor"
                              style={{}}
                            />
                          </svg>
                             Enabled
                        </div>
                        <div
                          className="delete auth-row__field col-xs-1"
                        />
                        <div
                          className="editOrView auth-row__field col-xs-3"
                        >
                          <div
                            className="clickable"
                            onClick={[Function]}
                          >
                            <svg
                              aria-hidden="true"
                              className="svg-inline--fa fa-info-circle fa-w-16 fa-1x "
                              data-icon="info-circle"
                              data-prefix="fas"
                              focusable="false"
                              role="img"
                              style={{}}
                              viewBox="0 0 512 512"
                              xmlns="http://www.w3.org/2000/svg"
                            >
                              <path
                                d="M256 8C119.043 8 8 119.083 8 256c0 136.997 111.043 248 248 248s248-111.003 248-248C504 119.083 392.957 8 256 8zm0 110c23.196 0 42 18.804 42 42s-18.804 42-42 42-42-18.804-42-42 18.804-42 42-42zm56 254c0 6.627-5.373 12-12 12h-88c-6.627 0-12-5.373-12-12v-24c0-6.627 5.373-12 12-12h12v-64h-12c-6.627 0-12-5.373-12-12v-24c0-6.627 5.373-12 12-12h64c6.627 0 12 5.373 12 12v100h12c6.627 0 12 5.373 12 12v24z"
                                fill="currentColor"
                                style={{}}
                              />
                            </svg>
                          </div>
                        </div>
                      </div>
                    </div>
                  </div>
                </div>
              </div>
            </div>
          </div>
        </div>
        <div
          aria-hidden={true}
          aria-labelledby="tab-panel-tab-2"
          className="fade tab-pane"
          id="tab-panel-pane-2"
          role="tabpanel"
        >
          <div
            className="configurations__auth-tab"
          >
            <div>
              <div>
                <div
                  className="auth-row domain-field-row domain-row-border-default"
                >
                  <div
                    className="domain-row-container"
                  >
                    <div
                      className="domain-row-handle"
                    />
                    <div
                      className="domain-row-main"
                    >
                      <div
                        className="domain-row-base-fields col-xs-9"
                      >
                        <div
                          className="description auth-row__field col-xs-4"
                        >
                          Duo 2 Factor Configuration
                        </div>
                        <div
                          className="details auth-row__field col-xs-4"
                        >
                          Key1
                        </div>
                        <div
                          className="provider auth-row__field col-xs-3"
                        >
                          Duo 2 Factor
                        </div>
                      </div>
                      <div
                        className="col-xs-1"
                      />
                      <div
                        className="domain-row-base-fields col-xs-2"
                      >
                        <div
                          className="enabled auth-row__field col-xs-7"
                        >
                          <svg
                            aria-hidden="true"
                            className="svg-inline--fa fa-circle fa-w-16 "
                            color="#999999"
                            data-icon="circle"
                            data-prefix="fas"
                            focusable="false"
                            role="img"
                            style={{}}
                            viewBox="0 0 512 512"
                            xmlns="http://www.w3.org/2000/svg"
                          >
                            <path
                              d="M256 8C119 8 8 119 8 256s111 248 248 248 248-111 248-248S393 8 256 8z"
                              fill="currentColor"
                              style={{}}
                            />
                          </svg>
                             Disabled
                        </div>
                        <div
                          className="delete auth-row__field col-xs-1"
                        />
                        <div
                          className="editOrView auth-row__field col-xs-3"
                        >
                          <div
                            className="clickable"
                            onClick={[Function]}
                          >
                            <svg
                              aria-hidden="true"
                              className="svg-inline--fa fa-info-circle fa-w-16 fa-1x "
                              data-icon="info-circle"
                              data-prefix="fas"
                              focusable="false"
                              role="img"
                              style={{}}
                              viewBox="0 0 512 512"
                              xmlns="http://www.w3.org/2000/svg"
                            >
                              <path
                                d="M256 8C119.043 8 8 119.083 8 256c0 136.997 111.043 248 248 248s248-111.003 248-248C504 119.083 392.957 8 256 8zm0 110c23.196 0 42 18.804 42 42s-18.804 42-42 42-42-18.804-42-42 18.804-42 42-42zm56 254c0 6.627-5.373 12-12 12h-88c-6.627 0-12-5.373-12-12v-24c0-6.627 5.373-12 12-12h12v-64h-12c-6.627 0-12-5.373-12-12v-24c0-6.627 5.373-12 12-12h64c6.627 0 12 5.373 12 12v100h12c6.627 0 12 5.373 12 12v24z"
                                fill="currentColor"
                                style={{}}
                              />
                            </svg>
                          </div>
                        </div>
                      </div>
                    </div>
                  </div>
                </div>
              </div>
              <div>
                <div
                  className="auth-row domain-field-row domain-row-border-default"
                >
                  <div
                    className="domain-row-container"
                  >
                    <div
                      className="domain-row-handle"
                    />
                    <div
                      className="domain-row-main"
                    >
                      <div
                        className="domain-row-base-fields col-xs-9"
                      >
                        <div
                          className="description auth-row__field col-xs-4"
                        >
                          Duo 2 Factor Configuration 2
                        </div>
                        <div
                          className="details auth-row__field col-xs-4"
                        >
                          Key2
                        </div>
                        <div
                          className="provider auth-row__field col-xs-3"
                        >
                          Duo 2 Factor
                        </div>
                      </div>
                      <div
                        className="col-xs-1"
                      />
                      <div
                        className="domain-row-base-fields col-xs-2"
                      >
                        <div
                          className="enabled auth-row__field col-xs-7"
                        >
                          <svg
                            aria-hidden="true"
                            className="svg-inline--fa fa-circle fa-w-16 "
                            color="#999999"
                            data-icon="circle"
                            data-prefix="fas"
                            focusable="false"
                            role="img"
                            style={{}}
                            viewBox="0 0 512 512"
                            xmlns="http://www.w3.org/2000/svg"
                          >
                            <path
                              d="M256 8C119 8 8 119 8 256s111 248 248 248 248-111 248-248S393 8 256 8z"
                              fill="currentColor"
                              style={{}}
                            />
                          </svg>
                             Disabled
                        </div>
                        <div
                          className="delete auth-row__field col-xs-1"
                        />
                        <div
                          className="editOrView auth-row__field col-xs-3"
                        >
                          <div
                            className="clickable"
                            onClick={[Function]}
                          >
                            <svg
                              aria-hidden="true"
                              className="svg-inline--fa fa-info-circle fa-w-16 fa-1x "
                              data-icon="info-circle"
                              data-prefix="fas"
                              focusable="false"
                              role="img"
                              style={{}}
                              viewBox="0 0 512 512"
                              xmlns="http://www.w3.org/2000/svg"
                            >
                              <path
                                d="M256 8C119.043 8 8 119.083 8 256c0 136.997 111.043 248 248 248s248-111.003 248-248C504 119.083 392.957 8 256 8zm0 110c23.196 0 42 18.804 42 42s-18.804 42-42 42-42-18.804-42-42 18.804-42 42-42zm56 254c0 6.627-5.373 12-12 12h-88c-6.627 0-12-5.373-12-12v-24c0-6.627 5.373-12 12-12h12v-64h-12c-6.627 0-12-5.373-12-12v-24c0-6.627 5.373-12 12-12h64c6.627 0 12 5.373 12 12v100h12c6.627 0 12 5.373 12 12v24z"
                                fill="currentColor"
                                style={{}}
                              />
                            </svg>
                          </div>
                        </div>
                      </div>
                    </div>
                  </div>
                </div>
              </div>
            </div>
          </div>
        </div>
      </div>
    </div>
  </div>
</div>
`;
