// Jest Snapshot v1, https://goo.gl/fbAQLP

exports[`<GlobalSettings/> view-only mode 1`] = `
<div
  className="panel panel-default"
>
  <div
    className="panel-heading"
  >
    <span
      className="bold-text"
    >
      Global Settings
    </span>
  </div>
  <div
    className="panel-body"
  >
    <div
      className="global-settings__text-row"
    >
      <span
        className="no-highlight clickable"
        onClick={[Function]}
      >
        <span
          className="fa fa-lg fa-check-square"
          style={
            {
              "color": "#0073BB",
            }
          }
        />
      </span>
      <span
        className="global-settings__text"
      >
        Allow self sign up
        <span
          className="label-help-target"
          onMouseOut={[Function]}
          onMouseOver={[Function]}
        >
          <span
            className="label-help-icon fa fa-question-circle"
          />
        </span>
      </span>
    </div>
    <div
      className="global-settings__text-row"
    >
      <span
        className="no-highlight clickable"
        onClick={[Function]}
      >
        <span
          className="fa fa-lg fa-square"
          style={
            {
              "color": "#ADADAD",
            }
          }
        />
      </span>
      <span
        className="global-settings__text"
      >
        Allow users to edit their own email addresses
        <span
          className="label-help-target"
          onMouseOut={[Function]}
          onMouseOver={[Function]}
        >
          <span
            className="label-help-icon fa fa-question-circle"
          />
        </span>
      </span>
    </div>
    <div
      className="global-settings__text-row"
    >
      <span
        className="no-highlight clickable"
        onClick={[Function]}
      >
        <span
          className="fa fa-lg fa-check-square"
          style={
            {
              "color": "#0073BB",
            }
          }
        />
      </span>
      <span
        className="global-settings__text"
      >
        Auto-create authenticated users
        <span
          className="label-help-target"
          onMouseOut={[Function]}
          onMouseOver={[Function]}
        >
          <span
            className="label-help-icon fa fa-question-circle"
          />
        </span>
      </span>
    </div>
    <div
      className="global-settings__default-domain"
    >
      System Default Domain
      <span
        className="label-help-target"
        onMouseOut={[Function]}
        onMouseOver={[Function]}
      >
        <span
          className="label-help-icon fa fa-question-circle"
        />
      </span>
      <span
        className="global-settings__default-domain-field"
      >
        <input
          className="form-control global-settings__default-domain-form form-control"
          name="DefaultDomain"
          onChange={[Function]}
          placeholder="System default domain"
          type="input"
        />
      </span>
    </div>
  </div>
</div>
`;
